// Jest Snapshot v1, https://goo.gl/fbAQLP

exports[`TodoListItem Should match with snapshot 1`] = `
<Fragment>
  <li
    className="list-group-item"
  >
    <p
      className="m-5 "
      onClick={[Function]}
    >
      1. test todo 1
    </p>
    <button
      className="btn btn-outline-danger"
      onClick={[Function]}
      type="button"
    >
      Delete
    </button>
  </li>
</Fragment>
`;
