// Jest Snapshot v1, https://goo.gl/fbAQLP

exports[`TodoApp Should match the snapshot 1`] = `
<Fragment>
  <h1
    className="m-3"
  >
    Todo App (0)
  </h1>
  <hr />
  <div
    className="container"
  >
    <div
      className="row"
    >
      <div
        className="col"
      >
        <TodoList
          handleDelete={[Function]}
          handleTodo={[Function]}
          todos={Array []}
        />
      </div>
      <div
        className="col"
      >
        <TodoAdd
          handleAdd={[Function]}
        />
      </div>
    </div>
  </div>
</Fragment>
`;
