// Jest Snapshot v1, https://goo.gl/fbAQLP

exports[`Login Should match the snapshot 1`] = `
<Login>
  <h1>
    Login component
  </h1>
  <hr />
  <button
    onClick={[Function]}
    type="button"
  >
    Login
  </button>
</Login>
`;
