// Jest Snapshot v1, https://goo.gl/fbAQLP

exports[`FetchExample Should match with the snapshot 1`] = `
<Fragment>
  loading...
  <button
    onClick={[Function]}
    type="button"
  >
    Next
  </button>
  <button
    onClick={[Function]}
    type="button"
  >
    Previous
  </button>
</Fragment>
`;
