// Jest Snapshot v1, https://goo.gl/fbAQLP

exports[`Todo Should match with the snapshot 1`] = `
<Fragment>
  <h1>
    TODO List
  </h1>
  <hr />
  <div
    className="container"
  >
    <div
      className="row"
    >
      <div
        className="col-6  todo-list"
      >
        <ol
          className="list-group list-group-flush"
        />
      </div>
      <div
        className="col-5 todo-form"
      >
        <h4>
          Add TODO
        </h4>
        <form
          onSubmit={[Function]}
        >
          <input
            className="form-control"
            name="newTodo"
            onChange={[Function]}
            type="text"
            value=""
          />
          <button
            className="mt-1 btn btn-outline-primary btn-block"
            type="submit"
          >
            Add
          </button>
        </form>
      </div>
    </div>
  </div>
</Fragment>
`;
